
===========================================================================
report_checks -unconstrained
===========================================================================
======================= Typical Corner ===================================

Startpoint: mcand[8] (input port clocked by clk)
Endpoint: _891_ (rising edge-triggered flip-flop clocked by clk)
Path Group: clk
Path Type: max

Fanout     Cap    Slew   Delay    Time   Description
-----------------------------------------------------------------------------
                          0.00    0.00   clock clk (rise edge)
                          0.00    0.00   clock network delay (propagated)
                          2.00    2.00 ^ input external delay
                  0.02    0.01    2.01 ^ mcand[8] (in)
     1    0.00                           mcand[8] (net)
                  0.02    0.00    2.01 ^ input31/A (sky130_fd_sc_hd__buf_1)
                  0.18    0.17    2.19 ^ input31/X (sky130_fd_sc_hd__buf_1)
     2    0.01                           net31 (net)
                  0.18    0.00    2.19 ^ _528_/B (sky130_fd_sc_hd__or2_1)
                  0.04    0.13    2.32 ^ _528_/X (sky130_fd_sc_hd__or2_1)
     1    0.00                           _161_ (net)
                  0.04    0.00    2.32 ^ _530_/A (sky130_fd_sc_hd__nand2_1)
                  0.07    0.08    2.40 v _530_/Y (sky130_fd_sc_hd__nand2_1)
     3    0.01                           _163_ (net)
                  0.07    0.00    2.40 v _567_/A (sky130_fd_sc_hd__or4_1)
                  0.10    0.58    2.97 v _567_/X (sky130_fd_sc_hd__or4_1)
     2    0.01                           _196_ (net)
                  0.10    0.00    2.97 v _609_/A2 (sky130_fd_sc_hd__o31a_1)
                  0.09    0.36    3.34 v _609_/X (sky130_fd_sc_hd__o31a_1)
     3    0.01                           _234_ (net)
                  0.09    0.00    3.34 v _651_/A1 (sky130_fd_sc_hd__o31a_2)
                  0.09    0.43    3.77 v _651_/X (sky130_fd_sc_hd__o31a_2)
     3    0.02                           _272_ (net)
                  0.09    0.00    3.77 v _687_/A1 (sky130_fd_sc_hd__o21ai_4)
                  0.19    0.23    4.01 ^ _687_/Y (sky130_fd_sc_hd__o21ai_4)
     3    0.02                           _304_ (net)
                  0.19    0.00    4.01 ^ _725_/A1 (sky130_fd_sc_hd__a21oi_2)
                  0.07    0.11    4.12 v _725_/Y (sky130_fd_sc_hd__a21oi_2)
     3    0.01                           _338_ (net)
                  0.07    0.00    4.12 v _746_/A1 (sky130_fd_sc_hd__o31a_1)
                  0.07    0.34    4.45 v _746_/X (sky130_fd_sc_hd__o31a_1)
     2    0.01                           _357_ (net)
                  0.07    0.00    4.45 v _747_/B (sky130_fd_sc_hd__xor2_1)
                  0.04    0.15    4.60 v _747_/X (sky130_fd_sc_hd__xor2_1)
     1    0.00                           _358_ (net)
                  0.04    0.00    4.60 v _748_/A1 (sky130_fd_sc_hd__mux2_1)
                  0.06    0.30    4.90 v _748_/X (sky130_fd_sc_hd__mux2_1)
     1    0.00                           _359_ (net)
                  0.06    0.00    4.90 v _749_/A1 (sky130_fd_sc_hd__mux2_1)
                  0.05    0.30    5.20 v _749_/X (sky130_fd_sc_hd__mux2_1)
     1    0.00                           _360_ (net)
                  0.05    0.00    5.20 v _750_/B (sky130_fd_sc_hd__and2_1)
                  0.04    0.17    5.37 v _750_/X (sky130_fd_sc_hd__and2_1)
     1    0.00                           _361_ (net)
                  0.04    0.00    5.37 v _751_/A (sky130_fd_sc_hd__clkbuf_1)
                  0.03    0.09    5.47 v _751_/X (sky130_fd_sc_hd__clkbuf_1)
     1    0.00                           _032_ (net)
                  0.03    0.00    5.47 v _891_/D (sky130_fd_sc_hd__dfxtp_2)
                                  5.47   data arrival time

                         10.00   10.00   clock clk (rise edge)
                          0.00   10.00   clock source latency
                  0.13    0.08   10.08 ^ clk (in)
     1    0.03                           clk (net)
                  0.13    0.00   10.08 ^ clkbuf_0_clk/A (sky130_fd_sc_hd__clkbuf_16)
                  0.11    0.20   10.28 ^ clkbuf_0_clk/X (sky130_fd_sc_hd__clkbuf_16)
     8    0.10                           clknet_0_clk (net)
                  0.11    0.00   10.29 ^ clkbuf_3_4__f_clk/A (sky130_fd_sc_hd__clkbuf_16)
                  0.05    0.15   10.44 ^ clkbuf_3_4__f_clk/X (sky130_fd_sc_hd__clkbuf_16)
     9    0.03                           clknet_3_4__leaf_clk (net)
                  0.05    0.00   10.44 ^ _891_/CLK (sky130_fd_sc_hd__dfxtp_2)
                         -0.25   10.19   clock uncertainty
                          0.00   10.19   clock reconvergence pessimism
                         -0.10   10.08   library setup time
                                 10.08   data required time
-----------------------------------------------------------------------------
                                 10.08   data required time
                                 -5.47   data arrival time
-----------------------------------------------------------------------------
                                  4.62   slack (MET)




===========================================================================
report_checks --slack_max -0.01
============================================================================
======================= Typical Corner ===================================

No paths found.


===========================================================================
 report_check_types -max_slew -max_cap -max_fanout -violators
============================================================================
======================= Typical Corner ===================================

max fanout

Pin                                   Limit Fanout  Slack
---------------------------------------------------------
clkbuf_3_2__f_clk/X                      10     12     -2 (VIOLATED)
clkbuf_3_0__f_clk/X                      10     11        (VIOLATED)
clkbuf_3_1__f_clk/X                      10     11        (VIOLATED)



===========================================================================
report_parasitic_annotation -report_unannotated
============================================================================
Found 708 unannotated drivers.
 clk
 mcand[0]
 mcand[10]
 mcand[11]
 mcand[12]
 mcand[13]
 mcand[14]
 mcand[15]
 mcand[16]
 mcand[17]
 mcand[18]
 mcand[19]
 mcand[1]
 mcand[20]
 mcand[21]
 mcand[22]
 mcand[23]
 mcand[24]
 mcand[25]
 mcand[26]
 mcand[27]
 mcand[28]
 mcand[29]
 mcand[2]
 mcand[30]
 mcand[31]
 mcand[3]
 mcand[4]
 mcand[5]
 mcand[6]
 mcand[7]
 mcand[8]
 mcand[9]
 mplier[0]
 mplier[10]
 mplier[11]
 mplier[12]
 mplier[13]
 mplier[14]
 mplier[15]
 mplier[16]
 mplier[17]
 mplier[18]
 mplier[19]
 mplier[1]
 mplier[20]
 mplier[21]
 mplier[22]
 mplier[23]
 mplier[24]
 mplier[25]
 mplier[26]
 mplier[27]
 mplier[28]
 mplier[29]
 mplier[2]
 mplier[30]
 mplier[31]
 mplier[3]
 mplier[4]
 mplier[5]
 mplier[6]
 mplier[7]
 mplier[8]
 mplier[9]
 st
 _429_/X
 _430_/X
 _431_/Y
 _432_/Y
 _433_/Y
 _434_/X
 _435_/Y
 _436_/X
 _437_/X
 _438_/X
 _439_/Y
 _440_/X
 _441_/Y
 _442_/X
 _443_/Y
 _444_/X
 _445_/X
 _446_/X
 _447_/X
 _448_/X
 _449_/X
 _450_/Y
 _451_/X
 _452_/X
 _453_/X
 _454_/X
 _455_/X
 _456_/Y
 _457_/X
 _458_/X
 _459_/Y
 _460_/X
 _461_/X
 _462_/X
 _463_/Y
 _464_/X
 _465_/Y
 _466_/Y
 _467_/X
 _468_/X
 _469_/X
 _470_/X
 _471_/Y
 _472_/Y
 _473_/X
 _474_/Y
 _475_/X
 _476_/Y
 _477_/X
 _478_/X
 _479_/X
 _480_/Y
 _481_/X
 _482_/X
 _483_/X
 _484_/Y
 _485_/X
 _486_/X
 _487_/Y
 _488_/X
 _489_/X
 _490_/X
 _491_/X
 _492_/X
 _493_/Y
 _494_/X
 _495_/X
 _496_/X
 _497_/X
 _498_/X
 _499_/Y
 _500_/X
 _501_/Y
 _502_/Y
 _503_/Y
 _504_/Y
 _505_/X
 _506_/X
 _507_/Y
 _508_/Y
 _509_/Y
 _510_/Y
 _511_/X
 _512_/X
 _513_/X
 _514_/X
 _515_/X
 _516_/X
 _517_/X
 _518_/Y
 _519_/Y
 _520_/X
 _521_/X
 _522_/X
 _523_/X
 _524_/Y
 _525_/X
 _526_/X
 _527_/Y
 _528_/X
 _529_/Y
 _530_/Y
 _531_/X
 _532_/X
 _533_/X
 _534_/X
 _535_/X
 _536_/X
 _537_/Y
 _538_/X
 _539_/Y
 _540_/X
 _541_/Y
 _542_/Y
 _543_/X
 _544_/X
 _545_/X
 _546_/X
 _547_/Y
 _548_/Y
 _549_/Y
 _550_/Y
 _551_/X
 _552_/X
 _553_/X
 _554_/X
 _555_/Y
 _556_/X
 _557_/Y
 _558_/Y
 _559_/X
 _560_/Y
 _561_/X
 _562_/X
 _563_/Y
 _564_/Y
 _565_/X
 _566_/X
 _567_/X
 _568_/X
 _569_/X
 _570_/Y
 _571_/Y
 _572_/Y
 _573_/X
 _574_/Y
 _575_/X
 _576_/X
 _577_/X
 _578_/X
 _579_/Y
 _580_/Y
 _581_/X
 _582_/Y
 _583_/Y
 _584_/Y
 _585_/X
 _586_/X
 _587_/Y
 _588_/X
 _589_/X
 _590_/Y
 _591_/X
 _592_/X
 _593_/X
 _594_/X
 _595_/X
 _596_/Y
 _597_/Y
 _598_/Y
 _599_/X
 _600_/Y
 _601_/X
 _602_/X
 _603_/Y
 _604_/X
 _605_/Y
 _606_/X
 _607_/X
 _608_/X
 _609_/X
 _610_/X
 _611_/Y
 _612_/Y
 _613_/X
 _614_/X
 _615_/X
 _616_/X
 _617_/X
 _618_/Y
 _619_/Y
 _620_/Y
 _621_/Y
 _622_/X
 _623_/Y
 _624_/Y
 _625_/X
 _626_/X
 _627_/Y
 _628_/X
 _629_/Y
 _630_/Y
 _631_/Y
 _632_/X
 _633_/X
 _634_/X
 _635_/X
 _636_/Y
 _637_/Y
 _638_/X
 _639_/Y
 _640_/Y
 _641_/Y
 _642_/X
 _643_/X
 _644_/X
 _645_/Y
 _646_/Y
 _647_/X
 _648_/X
 _649_/X
 _650_/X
 _651_/X
 _652_/X
 _653_/X
 _654_/X
 _655_/X
 _656_/X
 _657_/Y
 _658_/Y
 _659_/Y
 _660_/Y
 _661_/X
 _662_/Y
 _663_/Y
 _664_/X
 _665_/X
 _666_/Y
 _667_/X
 _668_/Y
 _669_/Y
 _670_/Y
 _671_/X
 _672_/X
 _673_/X
 _674_/X
 _675_/Y
 _676_/Y
 _677_/X
 _678_/Y
 _679_/Y
 _680_/Y
 _681_/X
 _682_/X
 _683_/X
 _684_/X
 _685_/X
 _686_/X
 _687_/Y
 _688_/X
 _689_/Y
 _690_/Y
 _691_/X
 _692_/X
 _693_/X
 _694_/X
 _695_/X
 _696_/Y
 _697_/X
 _698_/Y
 _699_/Y
 _700_/Y
 _701_/Y
 _702_/X
 _703_/X
 _704_/X
 _705_/Y
 _706_/Y
 _707_/Y
 _708_/Y
 _709_/X
 _710_/X
 _711_/X
 _712_/X
 _713_/Y
 _714_/Y
 _715_/Y
 _716_/Y
 _717_/X
 _718_/X
 _719_/Y
 _720_/X
 _721_/X
 _722_/X
 _723_/X
 _724_/X
 _725_/Y
 _726_/X
 _727_/Y
 _728_/Y
 _729_/X
 _730_/X
 _731_/X
 _732_/X
 _733_/X
 _734_/X
 _735_/Y
 _736_/Y
 _737_/X
 _738_/Y
 _739_/Y
 _740_/X
 _741_/X
 _742_/Y
 _743_/X
 _744_/Y
 _745_/X
 _746_/X
 _747_/X
 _748_/X
 _749_/X
 _750_/X
 _751_/X
 _752_/Y
 _753_/X
 _754_/X
 _755_/Y
 _756_/X
 _757_/Y
 _758_/X
 _759_/X
 _760_/Y
 _761_/X
 _762_/X
 _763_/X
 _764_/Y
 _765_/Y
 _766_/X
 _767_/X
 _768_/Y
 _769_/Y
 _770_/X
 _771_/X
 _772_/X
 _773_/X
 _774_/X
 _775_/X
 _776_/X
 _777_/X
 _778_/X
 _779_/X
 _780_/X
 _781_/X
 _782_/X
 _783_/X
 _784_/X
 _785_/X
 _786_/X
 _787_/X
 _788_/X
 _789_/X
 _790_/X
 _791_/X
 _792_/X
 _793_/X
 _794_/X
 _795_/X
 _796_/X
 _797_/X
 _798_/X
 _799_/X
 _800_/X
 _801_/X
 _802_/X
 _803_/X
 _804_/X
 _805_/X
 _806_/X
 _807_/X
 _808_/X
 _809_/X
 _810_/X
 _811_/X
 _812_/X
 _813_/X
 _814_/X
 _815_/X
 _816_/X
 _817_/X
 _818_/X
 _819_/X
 _820_/X
 _821_/X
 _822_/X
 _823_/X
 _824_/X
 _825_/X
 _826_/X
 _827_/X
 _828_/X
 _829_/X
 _830_/X
 _831_/X
 _832_/X
 _833_/X
 _834_/X
 _835_/X
 _836_/X
 _837_/X
 _838_/X
 _839_/X
 _840_/X
 _841_/X
 _842_/X
 _843_/X
 _844_/Y
 _845_/X
 _846_/X
 _847_/Y
 _848_/Y
 _849_/Y
 _850_/Y
 _851_/X
 _852_/Y
 _853_/Y
 _854_/X
 _855_/Y
 _856_/Y
 _857_/Y
 _858_/X
 _859_/Q
 _860_/Q
 _861_/Q
 _862_/Q
 _863_/Q
 _864_/Q
 _865_/Q
 _866_/Q
 _867_/Q
 _868_/Q
 _869_/Q
 _870_/Q
 _871_/Q
 _872_/Q
 _873_/Q
 _874_/Q
 _875_/Q
 _876_/Q
 _877_/Q
 _878_/Q
 _879_/Q
 _880_/Q
 _881_/Q
 _882_/Q
 _883_/Q
 _884_/Q
 _885_/Q
 _886_/Q
 _887_/Q
 _888_/Q
 _889_/Q
 _890_/Q
 _891_/Q
 _892_/Q
 _893_/Q
 _894_/Q
 _895_/Q
 _896_/Q
 _897_/Q
 _898_/Q
 _899_/Q
 _900_/Q
 _901_/Q
 _902_/Q
 _903_/Q
 _904_/Q
 _905_/Q
 _906_/Q
 _907_/Q
 _908_/Q
 _909_/Q
 _910_/Q
 _911_/Q
 _912_/Q
 _913_/Q
 _914_/Q
 _915_/Q
 _916_/Q
 _917_/Q
 _918_/Q
 _919_/Q
 _920_/Q
 _921_/Q
 _922_/Q
 _923_/Q
 _924_/Q
 _925_/Q
 _926_/Q
 _927_/Q
 _928_/Q
 _929_/Q
 _930_/Q
 _931_/Q
 clkbuf_0_clk/X
 clkbuf_3_0__f_clk/X
 clkbuf_3_1__f_clk/X
 clkbuf_3_2__f_clk/X
 clkbuf_3_3__f_clk/X
 clkbuf_3_4__f_clk/X
 clkbuf_3_5__f_clk/X
 clkbuf_3_6__f_clk/X
 clkbuf_3_7__f_clk/X
 input1/X
 input10/X
 input11/X
 input12/X
 input13/X
 input14/X
 input15/X
 input16/X
 input17/X
 input18/X
 input19/X
 input2/X
 input20/X
 input21/X
 input22/X
 input23/X
 input24/X
 input25/X
 input26/X
 input27/X
 input28/X
 input29/X
 input3/X
 input30/X
 input31/X
 input32/X
 input33/X
 input34/X
 input35/X
 input36/X
 input37/X
 input38/X
 input39/X
 input4/X
 input40/X
 input41/X
 input42/X
 input43/X
 input44/X
 input45/X
 input46/X
 input47/X
 input48/X
 input49/X
 input5/X
 input50/X
 input51/X
 input52/X
 input53/X
 input54/X
 input55/X
 input56/X
 input57/X
 input58/X
 input59/X
 input6/X
 input60/X
 input61/X
 input62/X
 input63/X
 input64/X
 input65/X
 input7/X
 input8/X
 input9/X
 output100/X
 output101/X
 output102/X
 output103/X
 output104/X
 output105/X
 output106/X
 output107/X
 output108/X
 output109/X
 output110/X
 output111/X
 output112/X
 output113/X
 output114/X
 output115/X
 output116/X
 output117/X
 output118/X
 output119/X
 output120/X
 output121/X
 output122/X
 output123/X
 output124/X
 output125/X
 output126/X
 output127/X
 output128/X
 output129/X
 output130/X
 output66/X
 output67/X
 output68/X
 output69/X
 output70/X
 output71/X
 output72/X
 output73/X
 output74/X
 output75/X
 output76/X
 output77/X
 output78/X
 output79/X
 output80/X
 output81/X
 output82/X
 output83/X
 output84/X
 output85/X
 output86/X
 output87/X
 output88/X
 output89/X
 output90/X
 output91/X
 output92/X
 output93/X
 output94/X
 output95/X
 output96/X
 output97/X
 output98/X
 output99/X
Found 0 partially unannotated drivers.

===========================================================================
max slew violation count 0
max fanout violation count 3
max cap violation count 0
============================================================================

===========================================================================
check_setup -verbose -unconstrained_endpoints -multiple_clock -no_clock -no_input_delay -loops -generated_clocks
===========================================================================
