
===========================================================================
 report_power
============================================================================
======================= Fastest Corner ===================================

Group                  Internal  Switching    Leakage      Total
                          Power      Power      Power      Power (Watts)
----------------------------------------------------------------
Sequential             2.94e-04   1.95e-04   6.49e-10   4.89e-04  28.4%
Combinational          5.56e-04   6.78e-04   5.92e-09   1.23e-03  71.6%
Macro                  0.00e+00   0.00e+00   0.00e+00   0.00e+00   0.0%
Pad                    0.00e+00   0.00e+00   0.00e+00   0.00e+00   0.0%
----------------------------------------------------------------
Total                  8.50e-04   8.73e-04   6.57e-09   1.72e-03 100.0%
                          49.3%      50.7%       0.0%

======================= Slowest Corner ===================================

Group                  Internal  Switching    Leakage      Total
                          Power      Power      Power      Power (Watts)
----------------------------------------------------------------
Sequential             2.02e-04   1.30e-04   6.02e-07   3.33e-04  28.0%
Combinational          4.08e-04   4.46e-04   1.62e-06   8.56e-04  72.0%
Macro                  0.00e+00   0.00e+00   0.00e+00   0.00e+00   0.0%
Pad                    0.00e+00   0.00e+00   0.00e+00   0.00e+00   0.0%
----------------------------------------------------------------
Total                  6.11e-04   5.76e-04   2.22e-06   1.19e-03 100.0%
                          51.4%      48.4%       0.2%

======================= Typical Corner ===================================

Group                  Internal  Switching    Leakage      Total
                          Power      Power      Power      Power (Watts)
----------------------------------------------------------------
Sequential             2.56e-04   1.65e-04   3.38e-10   4.21e-04  28.3%
Combinational          4.98e-04   5.71e-04   4.61e-09   1.07e-03  71.7%
Macro                  0.00e+00   0.00e+00   0.00e+00   0.00e+00   0.0%
Pad                    0.00e+00   0.00e+00   0.00e+00   0.00e+00   0.0%
----------------------------------------------------------------
Total                  7.55e-04   7.36e-04   4.94e-09   1.49e-03 100.0%
                          50.6%      49.4%       0.0%

