
===========================================================================
 report_power
============================================================================
======================= Fastest Corner ===================================

Group                  Internal  Switching    Leakage      Total
                          Power      Power      Power      Power (Watts)
----------------------------------------------------------------
Sequential             5.75e-04   5.46e-04   1.29e-09   1.12e-03  28.3%
Combinational          1.19e-03   1.65e-03   1.16e-08   2.84e-03  71.7%
Macro                  0.00e+00   0.00e+00   0.00e+00   0.00e+00   0.0%
Pad                    0.00e+00   0.00e+00   0.00e+00   0.00e+00   0.0%
----------------------------------------------------------------
Total                  1.77e-03   2.20e-03   1.29e-08   3.96e-03 100.0%
                          44.6%      55.4%       0.0%

======================= Slowest Corner ===================================

Group                  Internal  Switching    Leakage      Total
                          Power      Power      Power      Power (Watts)
----------------------------------------------------------------
Sequential             3.96e-04   3.65e-04   1.12e-06   7.63e-04  27.7%
Combinational          8.92e-04   1.09e-03   2.89e-06   1.99e-03  72.3%
Macro                  0.00e+00   0.00e+00   0.00e+00   0.00e+00   0.0%
Pad                    0.00e+00   0.00e+00   0.00e+00   0.00e+00   0.0%
----------------------------------------------------------------
Total                  1.29e-03   1.46e-03   4.01e-06   2.75e-03 100.0%
                          46.8%      53.0%       0.1%

======================= Typical Corner ===================================

Group                  Internal  Switching    Leakage      Total
                          Power      Power      Power      Power (Watts)
----------------------------------------------------------------
Sequential             5.01e-04   4.63e-04   6.19e-10   9.65e-04  28.0%
Combinational          1.08e-03   1.39e-03   8.33e-09   2.48e-03  72.0%
Macro                  0.00e+00   0.00e+00   0.00e+00   0.00e+00   0.0%
Pad                    0.00e+00   0.00e+00   0.00e+00   0.00e+00   0.0%
----------------------------------------------------------------
Total                  1.58e-03   1.86e-03   8.95e-09   3.44e-03 100.0%
                          46.0%      54.0%       0.0%

