Partial/Required:  5.08, Required:    400.0, Partial:  2031.67, Net: net49, Pin: _07920_/D, Layer: met1
Partial/Required:  3.44, Required:    400.0, Partial:  1376.78, Net: _02981_, Pin: _09345_/A, Layer: met1
Partial/Required:  3.40, Required:    400.0, Partial:  1359.89, Net: _03119_, Pin: _09563_/B, Layer: met1
Partial/Required:  2.59, Required:    400.0, Partial:  1036.56, Net: _03026_, Pin: _07334_/A, Layer: met1
Partial/Required:  1.87, Required:    400.0, Partial:   747.95, Net: net21, Pin: _08133_/A, Layer: met1
Partial/Required:  1.87, Required:    400.0, Partial:   747.95, Net: net21, Pin: _07972_/A, Layer: met1
Partial/Required:  1.84, Required:    400.0, Partial:   736.56, Net: _01800_, Pin: _10943_/B, Layer: met1
Partial/Required:  1.82, Required:    400.0, Partial:   727.89, Net: _02721_, Pin: _06861_/A, Layer: met1
Partial/Required:  1.82, Required:    400.0, Partial:   726.69, Net: net74, Pin: output74/A, Layer: met1
Partial/Required:  1.78, Required:    400.0, Partial:   711.11, Net: _00344_, Pin: _09163_/C, Layer: met1
Partial/Required:  1.76, Required:    400.0, Partial:   703.42, Net: net72, Pin: output72/A, Layer: met1
Partial/Required:  1.73, Required:    400.0, Partial:   692.11, Net: _03834_, Pin: _08344_/A, Layer: met1
Partial/Required:  1.66, Required:    400.0, Partial:   664.33, Net: _00908_, Pin: _08152_/A, Layer: met1
Partial/Required:  1.63, Required:    400.0, Partial:   653.79, Net: net106, Pin: output106/A, Layer: met1
Partial/Required:  1.61, Required:    400.0, Partial:   643.94, Net: _05574_, Pin: _09834_/A1, Layer: met1
Partial/Required:  1.53, Required:   3593.6, Partial:  5512.41, Net: net76, Pin: output76/A, Layer: met3
Partial/Required:  1.52, Required:    400.0, Partial:   607.29, Net: _05320_, Pin: _06259_/C, Layer: met1
Partial/Required:  1.49, Required:    400.0, Partial:   595.92, Net: _03100_, Pin: _09459_/B1, Layer: met3
Partial/Required:  1.49, Required:    400.0, Partial:   595.92, Net: _03100_, Pin: _09458_/A, Layer: met3
Partial/Required:  1.49, Required:    400.0, Partial:   595.92, Net: _03100_, Pin: _09563_/A, Layer: met3
Partial/Required:  1.48, Required:    400.0, Partial:   590.04, Net: net128, Pin: output128/A, Layer: met1
Partial/Required:  1.43, Required:    400.0, Partial:   572.67, Net: _02695_, Pin: _10687_/C, Layer: met1
Partial/Required:  1.40, Required:    400.0, Partial:   560.39, Net: net67, Pin: output67/A, Layer: met1
Partial/Required:  1.36, Required:    400.0, Partial:   543.77, Net: net135, Pin: output113/A, Layer: met1
Partial/Required:  1.36, Required:    400.0, Partial:   542.11, Net: _00350_, Pin: _09648_/D, Layer: met1
Partial/Required:  1.35, Required:    400.0, Partial:   540.15, Net: net68, Pin: output68/A, Layer: met1
Partial/Required:  1.33, Required:    400.0, Partial:   531.67, Net: _05551_, Pin: _08556_/A, Layer: met1
Partial/Required:  1.31, Required:    400.0, Partial:   522.41, Net: _00143_, Pin: _09022_/A, Layer: met3
Partial/Required:  1.31, Required:    400.0, Partial:   522.41, Net: _00143_, Pin: _10211_/A, Layer: met3
Partial/Required:  1.25, Required:    400.0, Partial:   501.51, Net: _04550_, Pin: _11063_/A1, Layer: met1
Partial/Required:  1.20, Required:    400.0, Partial:   478.94, Net: _00138_, Pin: _10208_/B2, Layer: met1
Partial/Required:  1.18, Required:    400.0, Partial:   473.22, Net: _02990_, Pin: _09491_/B1_N, Layer: met1
Partial/Required:  1.16, Required:    400.0, Partial:   463.67, Net: _05655_, Pin: _08355_/A1, Layer: met1
Partial/Required:  1.16, Required:    400.0, Partial:   463.39, Net: _05553_, Pin: _09201_/B, Layer: met1
Partial/Required:  1.16, Required:    400.0, Partial:   463.33, Net: _00974_, Pin: _08594_/A, Layer: met1
Partial/Required:  1.15, Required:    400.0, Partial:   461.78, Net: _02163_, Pin: _10323_/B, Layer: met1
Partial/Required:  1.15, Required:    400.0, Partial:    460.9, Net: _02965_, Pin: _09350_/B1, Layer: met1
Partial/Required:  1.15, Required:    400.0, Partial:   458.29, Net: net144, Pin: output105/A, Layer: met2
Partial/Required:  1.14, Required:  3130.28, Partial:  3554.55, Net: net157, Pin: output83/A, Layer: met4
Partial/Required:  1.13, Required:    400.0, Partial:   451.73, Net: _02227_, Pin: _11305_/A2, Layer: met1
Partial/Required:  1.11, Required:    400.0, Partial:    445.0, Net: _03396_, Pin: _10690_/B, Layer: met1
Partial/Required:  1.10, Required:    400.0, Partial:   439.78, Net: _03201_, Pin: _06987_/B, Layer: met1
Partial/Required:  1.09, Required:   3134.6, Partial:  3428.81, Net: net168, Pin: output69/A, Layer: met3
Partial/Required:  1.09, Required:    400.0, Partial:    436.4, Net: _05410_, Pin: _06860_/A, Layer: met1
Partial/Required:  1.08, Required:    400.0, Partial:   432.33, Net: _01856_, Pin: _10709_/A2_N, Layer: met1
Partial/Required:  1.07, Required:    400.0, Partial:   429.43, Net: net168, Pin: output69/A, Layer: met2
Partial/Required:  1.03, Required:    400.0, Partial:   410.08, Net: net133, Pin: wire132/A, Layer: met3
Partial/Required:  1.02, Required:    400.0, Partial:   409.33, Net: _03376_, Pin: _06203_/C, Layer: met1
Partial/Required:  1.02, Required:    400.0, Partial:   408.89, Net: _01497_, Pin: _06665_/A, Layer: met1
Partial/Required:  1.00, Required:    400.0, Partial:   401.67, Net: _01680_, Pin: _09568_/A2_N, Layer: met1
