
===========================================================================
report_checks -unconstrained
===========================================================================
======================= Fastest Corner ===================================

Startpoint: mplier[7] (input port clocked by clk)
Endpoint: product[58] (output port clocked by clk)
Path Group: clk
Path Type: max
Corner: Fastest

Fanout     Cap    Slew   Delay    Time   Description
-----------------------------------------------------------------------------
                  0.00    0.00    0.00   clock clk (rise edge)
                          0.00    0.00   clock network delay (ideal)
                          4.00    4.00 ^ input external delay
                  0.03    0.02    4.02 ^ mplier[7] (in)
     1    0.01                           mplier[7] (net)
                  0.03    0.00    4.02 ^ input62/A (sky130_fd_sc_hd__buf_8)
                  0.20    0.15    4.17 ^ input62/X (sky130_fd_sc_hd__buf_8)
     5    0.17                           net62 (net)
                  0.24    0.07    4.24 ^ _05856_/A (sky130_fd_sc_hd__buf_6)
                  0.10    0.14    4.38 ^ _05856_/X (sky130_fd_sc_hd__buf_6)
    10    0.06                           _02000_ (net)
                  0.10    0.00    4.39 ^ _06106_/A (sky130_fd_sc_hd__buf_6)
                  0.17    0.18    4.56 ^ _06106_/X (sky130_fd_sc_hd__buf_6)
    10    0.11                           _04726_ (net)
                  0.17    0.01    4.57 ^ _06107_/A (sky130_fd_sc_hd__clkbuf_8)
                  0.15    0.21    4.78 ^ _06107_/X (sky130_fd_sc_hd__clkbuf_8)
    10    0.11                           _04737_ (net)
                  0.15    0.01    4.78 ^ _06108_/A (sky130_fd_sc_hd__clkbuf_8)
                  0.16    0.20    4.99 ^ _06108_/X (sky130_fd_sc_hd__clkbuf_8)
    10    0.12                           _04748_ (net)
                  0.16    0.02    5.01 ^ _09278_/A (sky130_fd_sc_hd__nand2_1)
                  0.05    0.05    5.05 v _09278_/Y (sky130_fd_sc_hd__nand2_1)
     1    0.01                           _02925_ (net)
                  0.05    0.00    5.05 v _09279_/B (sky130_fd_sc_hd__xnor2_1)
                  0.22    0.20    5.26 ^ _09279_/Y (sky130_fd_sc_hd__xnor2_1)
     2    0.01                           _02926_ (net)
                  0.22    0.00    5.26 ^ _09281_/A (sky130_fd_sc_hd__xnor2_1)
                  0.08    0.09    5.35 v _09281_/Y (sky130_fd_sc_hd__xnor2_1)
     2    0.01                           _02929_ (net)
                  0.08    0.00    5.35 v _09436_/A3 (sky130_fd_sc_hd__a31o_2)
                  0.05    0.21    5.56 v _09436_/X (sky130_fd_sc_hd__a31o_2)
     2    0.02                           _03097_ (net)
                  0.05    0.00    5.56 v _09437_/B (sky130_fd_sc_hd__xnor2_4)
                  0.17    0.17    5.73 ^ _09437_/Y (sky130_fd_sc_hd__xnor2_4)
     2    0.02                           _03098_ (net)
                  0.17    0.00    5.73 ^ _09439_/A (sky130_fd_sc_hd__xor2_4)
                  0.47    0.40    6.13 ^ _09439_/X (sky130_fd_sc_hd__xor2_4)
     3    0.09                           _03100_ (net)
                  0.47    0.01    6.14 ^ _09458_/A (sky130_fd_sc_hd__nor3_1)
                  0.11    0.07    6.21 v _09458_/Y (sky130_fd_sc_hd__nor3_1)
     2    0.01                           _03121_ (net)
                  0.11    0.00    6.21 v _09461_/A1 (sky130_fd_sc_hd__o211a_1)
                  0.06    0.21    6.42 v _09461_/X (sky130_fd_sc_hd__o211a_1)
     2    0.01                           _03125_ (net)
                  0.06    0.00    6.42 v _09463_/A2 (sky130_fd_sc_hd__o211ai_2)
                  0.13    0.14    6.56 ^ _09463_/Y (sky130_fd_sc_hd__o211ai_2)
     2    0.01                           _03127_ (net)
                  0.13    0.00    6.56 ^ _09464_/B_N (sky130_fd_sc_hd__or2b_2)
                  0.06    0.22    6.78 v _09464_/X (sky130_fd_sc_hd__or2b_2)
     1    0.02                           _03128_ (net)
                  0.06    0.00    6.78 v _09544_/A (sky130_fd_sc_hd__xnor2_4)
                  0.27    0.27    7.04 ^ _09544_/Y (sky130_fd_sc_hd__xnor2_4)
     1    0.04                           _03216_ (net)
                  0.27    0.00    7.05 ^ wire175/A (sky130_fd_sc_hd__buf_4)
                  0.15    0.19    7.24 ^ wire175/X (sky130_fd_sc_hd__buf_4)
     2    0.07                           net175 (net)
                  0.16    0.02    7.26 ^ _09547_/A (sky130_fd_sc_hd__xnor2_4)
                  0.07    0.08    7.34 v _09547_/Y (sky130_fd_sc_hd__xnor2_4)
     2    0.02                           _03219_ (net)
                  0.07    0.00    7.34 v _09548_/B (sky130_fd_sc_hd__xnor2_4)
                  0.16    0.17    7.51 ^ _09548_/Y (sky130_fd_sc_hd__xnor2_4)
     2    0.02                           _03220_ (net)
                  0.16    0.00    7.51 ^ _09551_/A (sky130_fd_sc_hd__xor2_4)
                  0.18    0.18    7.69 ^ _09551_/X (sky130_fd_sc_hd__xor2_4)
     2    0.03                           _03224_ (net)
                  0.18    0.00    7.69 ^ _09552_/B (sky130_fd_sc_hd__xnor2_4)
                  0.07    0.08    7.77 v _09552_/Y (sky130_fd_sc_hd__xnor2_4)
     3    0.03                           _03225_ (net)
                  0.07    0.00    7.77 v _09553_/B (sky130_fd_sc_hd__xnor2_4)
                  0.07    0.13    7.89 v _09553_/Y (sky130_fd_sc_hd__xnor2_4)
     3    0.03                           _03226_ (net)
                  0.07    0.00    7.90 v _09954_/B (sky130_fd_sc_hd__or4_4)
                  0.07    0.36    8.26 v _09954_/X (sky130_fd_sc_hd__or4_4)
     3    0.02                           _03664_ (net)
                  0.07    0.00    8.26 v _09956_/B1 (sky130_fd_sc_hd__a21o_1)
                  0.04    0.11    8.36 v _09956_/X (sky130_fd_sc_hd__a21o_1)
     1    0.01                           _03666_ (net)
                  0.04    0.00    8.36 v _09960_/B1 (sky130_fd_sc_hd__o311ai_4)
                  0.29    0.10    8.46 ^ _09960_/Y (sky130_fd_sc_hd__o311ai_4)
     2    0.03                           _03670_ (net)
                  0.29    0.00    8.46 ^ wire164/A (sky130_fd_sc_hd__buf_6)
                  0.08    0.13    8.59 ^ wire164/X (sky130_fd_sc_hd__buf_6)
     1    0.05                           net164 (net)
                  0.08    0.01    8.60 ^ wire163/A (sky130_fd_sc_hd__buf_6)
                  0.06    0.10    8.70 ^ wire163/X (sky130_fd_sc_hd__buf_6)
     1    0.04                           net163 (net)
                  0.06    0.00    8.70 ^ _10767_/B2 (sky130_fd_sc_hd__a221oi_4)
                  0.10    0.07    8.77 v _10767_/Y (sky130_fd_sc_hd__a221oi_4)
     1    0.03                           _04549_ (net)
                  0.10    0.00    8.77 v wire160/A (sky130_fd_sc_hd__buf_6)
                  0.04    0.13    8.90 v wire160/X (sky130_fd_sc_hd__buf_6)
     1    0.04                           net160 (net)
                  0.04    0.01    8.91 v wire159/A (sky130_fd_sc_hd__buf_8)
                  0.03    0.10    9.00 v wire159/X (sky130_fd_sc_hd__buf_8)
     3    0.03                           net159 (net)
                  0.03    0.00    9.01 v _11278_/A2 (sky130_fd_sc_hd__a2111o_1)
                  0.07    0.30    9.30 v _11278_/X (sky130_fd_sc_hd__a2111o_1)
     3    0.01                           _05103_ (net)
                  0.07    0.00    9.30 v _11282_/A (sky130_fd_sc_hd__and2_4)
                  0.04    0.13    9.43 v _11282_/X (sky130_fd_sc_hd__and2_4)
     2    0.02                           _05108_ (net)
                  0.04    0.00    9.43 v _11360_/A1 (sky130_fd_sc_hd__o21a_2)
                  0.05    0.17    9.60 v _11360_/X (sky130_fd_sc_hd__o21a_2)
     2    0.02                           _05191_ (net)
                  0.05    0.00    9.60 v _11361_/B (sky130_fd_sc_hd__xor2_4)
                  0.35    0.31    9.91 ^ _11361_/X (sky130_fd_sc_hd__xor2_4)
     1    0.06                           net118 (net)
                  0.35    0.02    9.93 ^ wire131/A (sky130_fd_sc_hd__buf_8)
                  0.10    0.13   10.05 ^ wire131/X (sky130_fd_sc_hd__buf_8)
     1    0.08                           net131 (net)
                  0.11    0.02   10.07 ^ wire130/A (sky130_fd_sc_hd__buf_8)
                  0.09    0.11   10.19 ^ wire130/X (sky130_fd_sc_hd__buf_8)
     2    0.07                           net130 (net)
                  0.09    0.02   10.21 ^ output118/A (sky130_fd_sc_hd__buf_4)
                  0.08    0.13   10.33 ^ output118/X (sky130_fd_sc_hd__buf_4)
     1    0.03                           product[58] (net)
                  0.08    0.00   10.33 ^ product[58] (out)
                                 10.33   data arrival time

                  0.00   20.00   20.00   clock clk (rise edge)
                          0.00   20.00   clock network delay (ideal)
                         -0.25   19.75   clock uncertainty
                          0.00   19.75   clock reconvergence pessimism
                         -4.00   15.75   output external delay
                                 15.75   data required time
-----------------------------------------------------------------------------
                                 15.75   data required time
                                -10.33   data arrival time
-----------------------------------------------------------------------------
                                  5.42   slack (MET)



======================= Slowest Corner ===================================

Startpoint: mplier[13] (input port clocked by clk)
Endpoint: product[58] (output port clocked by clk)
Path Group: clk
Path Type: max
Corner: Slowest

Fanout     Cap    Slew   Delay    Time   Description
-----------------------------------------------------------------------------
                  0.00    0.00    0.00   clock clk (rise edge)
                          0.00    0.00   clock network delay (ideal)
                          4.00    4.00 ^ input external delay
                  0.07    0.04    4.04 ^ mplier[13] (in)
     1    0.01                           mplier[13] (net)
                  0.07    0.00    4.04 ^ input37/A (sky130_fd_sc_hd__buf_8)
                  0.44    0.41    4.45 ^ input37/X (sky130_fd_sc_hd__buf_8)
    12    0.18                           net37 (net)
                  0.47    0.09    4.55 ^ _06291_/A (sky130_fd_sc_hd__clkbuf_8)
                  0.25    0.57    5.11 ^ _06291_/X (sky130_fd_sc_hd__clkbuf_8)
    10    0.09                           _05423_ (net)
                  0.25    0.01    5.12 ^ _06760_/A (sky130_fd_sc_hd__buf_4)
                  0.40    0.55    5.68 ^ _06760_/X (sky130_fd_sc_hd__buf_4)
    10    0.09                           _00187_ (net)
                  0.40    0.00    5.68 ^ _07717_/A (sky130_fd_sc_hd__buf_6)
                  0.37    0.54    6.22 ^ _07717_/X (sky130_fd_sc_hd__buf_6)
    10    0.12                           _01221_ (net)
                  0.37    0.02    6.24 ^ _09443_/A1 (sky130_fd_sc_hd__a32o_1)
                  0.26    0.60    6.83 ^ _09443_/X (sky130_fd_sc_hd__a32o_1)
     2    0.01                           _03105_ (net)
                  0.26    0.00    6.83 ^ _09448_/A (sky130_fd_sc_hd__nand3_4)
                  0.38    0.42    7.26 v _09448_/Y (sky130_fd_sc_hd__nand3_4)
     5    0.05                           _03110_ (net)
                  0.38    0.00    7.26 v _09451_/A1 (sky130_fd_sc_hd__a21o_1)
                  0.14    0.52    7.77 v _09451_/X (sky130_fd_sc_hd__a21o_1)
     2    0.01                           _03114_ (net)
                  0.14    0.00    7.77 v _09452_/C (sky130_fd_sc_hd__and3_4)
                  0.14    0.47    8.25 v _09452_/X (sky130_fd_sc_hd__and3_4)
     5    0.05                           _03115_ (net)
                  0.14    0.00    8.25 v _09454_/B1 (sky130_fd_sc_hd__a211o_1)
                  0.18    0.68    8.92 v _09454_/X (sky130_fd_sc_hd__a211o_1)
     2    0.01                           _03117_ (net)
                  0.18    0.00    8.92 v _09457_/A1 (sky130_fd_sc_hd__a211oi_4)
                  1.00    1.02    9.95 ^ _09457_/Y (sky130_fd_sc_hd__a211oi_4)
     3    0.05                           _03120_ (net)
                  1.00    0.01    9.96 ^ _09458_/C (sky130_fd_sc_hd__nor3_1)
                  0.24    0.42   10.38 v _09458_/Y (sky130_fd_sc_hd__nor3_1)
     2    0.01                           _03121_ (net)
                  0.24    0.00   10.38 v _09461_/A1 (sky130_fd_sc_hd__o211a_1)
                  0.16    0.59   10.97 v _09461_/X (sky130_fd_sc_hd__o211a_1)
     2    0.01                           _03125_ (net)
                  0.16    0.00   10.97 v _09463_/A2 (sky130_fd_sc_hd__o211ai_2)
                  0.27    0.34   11.31 ^ _09463_/Y (sky130_fd_sc_hd__o211ai_2)
     2    0.01                           _03127_ (net)
                  0.27    0.00   11.31 ^ _09464_/B_N (sky130_fd_sc_hd__or2b_2)
                  0.18    0.88   12.19 v _09464_/X (sky130_fd_sc_hd__or2b_2)
     1    0.02                           _03128_ (net)
                  0.18    0.00   12.19 v _09544_/A (sky130_fd_sc_hd__xnor2_4)
                  0.55    0.61   12.80 ^ _09544_/Y (sky130_fd_sc_hd__xnor2_4)
     1    0.04                           _03216_ (net)
                  0.55    0.00   12.80 ^ wire175/A (sky130_fd_sc_hd__buf_4)
                  0.32    0.62   13.42 ^ wire175/X (sky130_fd_sc_hd__buf_4)
     2    0.07                           net175 (net)
                  0.33    0.02   13.44 ^ _09547_/A (sky130_fd_sc_hd__xnor2_4)
                  0.38    0.38   13.81 ^ _09547_/Y (sky130_fd_sc_hd__xnor2_4)
     2    0.03                           _03219_ (net)
                  0.38    0.00   13.81 ^ _09548_/B (sky130_fd_sc_hd__xnor2_4)
                  0.33    0.37   14.18 ^ _09548_/Y (sky130_fd_sc_hd__xnor2_4)
     2    0.02                           _03220_ (net)
                  0.33    0.00   14.18 ^ _09551_/A (sky130_fd_sc_hd__xor2_4)
                  0.37    0.50   14.68 ^ _09551_/X (sky130_fd_sc_hd__xor2_4)
     2    0.03                           _03224_ (net)
                  0.37    0.00   14.68 ^ _09552_/B (sky130_fd_sc_hd__xnor2_4)
                  0.38    0.38   15.07 ^ _09552_/Y (sky130_fd_sc_hd__xnor2_4)
     3    0.03                           _03225_ (net)
                  0.38    0.00   15.07 ^ _09553_/B (sky130_fd_sc_hd__xnor2_4)
                  0.18    0.29   15.36 v _09553_/Y (sky130_fd_sc_hd__xnor2_4)
     3    0.03                           _03226_ (net)
                  0.18    0.00   15.36 v _09954_/B (sky130_fd_sc_hd__or4_4)
                  0.20    1.19   16.55 v _09954_/X (sky130_fd_sc_hd__or4_4)
     3    0.02                           _03664_ (net)
                  0.20    0.00   16.55 v _09956_/B1 (sky130_fd_sc_hd__a21o_1)
                  0.11    0.40   16.95 v _09956_/X (sky130_fd_sc_hd__a21o_1)
     1    0.01                           _03666_ (net)
                  0.11    0.00   16.95 v _09960_/B1 (sky130_fd_sc_hd__o311ai_4)
                  0.61    0.22   17.17 ^ _09960_/Y (sky130_fd_sc_hd__o311ai_4)
     2    0.03                           _03670_ (net)
                  0.61    0.00   17.17 ^ wire164/A (sky130_fd_sc_hd__buf_6)
                  0.17    0.48   17.66 ^ wire164/X (sky130_fd_sc_hd__buf_6)
     1    0.05                           net164 (net)
                  0.17    0.01   17.66 ^ wire163/A (sky130_fd_sc_hd__buf_6)
                  0.13    0.28   17.95 ^ wire163/X (sky130_fd_sc_hd__buf_6)
     1    0.04                           net163 (net)
                  0.13    0.01   17.95 ^ _10767_/B2 (sky130_fd_sc_hd__a221oi_4)
                  0.23    0.22   18.17 v _10767_/Y (sky130_fd_sc_hd__a221oi_4)
     1    0.03                           _04549_ (net)
                  0.23    0.00   18.18 v wire160/A (sky130_fd_sc_hd__buf_6)
                  0.09    0.35   18.53 v wire160/X (sky130_fd_sc_hd__buf_6)
     1    0.04                           net160 (net)
                  0.09    0.01   18.53 v wire159/A (sky130_fd_sc_hd__buf_8)
                  0.06    0.26   18.79 v wire159/X (sky130_fd_sc_hd__buf_8)
     3    0.03                           net159 (net)
                  0.06    0.00   18.79 v _11278_/A2 (sky130_fd_sc_hd__a2111o_1)
                  0.20    0.93   19.72 v _11278_/X (sky130_fd_sc_hd__a2111o_1)
     3    0.01                           _05103_ (net)
                  0.20    0.00   19.72 v _11282_/A (sky130_fd_sc_hd__and2_4)
                  0.09    0.37   20.09 v _11282_/X (sky130_fd_sc_hd__and2_4)
     2    0.02                           _05108_ (net)
                  0.09    0.00   20.09 v _11360_/A1 (sky130_fd_sc_hd__o21a_2)
                  0.13    0.50   20.59 v _11360_/X (sky130_fd_sc_hd__o21a_2)
     2    0.02                           _05191_ (net)
                  0.13    0.00   20.59 v _11361_/B (sky130_fd_sc_hd__xor2_4)
                  0.71    0.69   21.28 ^ _11361_/X (sky130_fd_sc_hd__xor2_4)
     1    0.06                           net118 (net)
                  0.71    0.02   21.29 ^ wire131/A (sky130_fd_sc_hd__buf_8)
                  0.20    0.51   21.81 ^ wire131/X (sky130_fd_sc_hd__buf_8)
     1    0.08                           net131 (net)
                  0.21    0.02   21.83 ^ wire130/A (sky130_fd_sc_hd__buf_8)
                  0.18    0.33   22.16 ^ wire130/X (sky130_fd_sc_hd__buf_8)
     2    0.07                           net130 (net)
                  0.18    0.02   22.18 ^ output118/A (sky130_fd_sc_hd__buf_4)
                  0.16    0.35   22.53 ^ output118/X (sky130_fd_sc_hd__buf_4)
     1    0.03                           product[58] (net)
                  0.16    0.00   22.53 ^ product[58] (out)
                                 22.53   data arrival time

                  0.00   20.00   20.00   clock clk (rise edge)
                          0.00   20.00   clock network delay (ideal)
                         -0.25   19.75   clock uncertainty
                          0.00   19.75   clock reconvergence pessimism
                         -4.00   15.75   output external delay
                                 15.75   data required time
-----------------------------------------------------------------------------
                                 15.75   data required time
                                -22.53   data arrival time
-----------------------------------------------------------------------------
                                 -6.78   slack (VIOLATED)



======================= Typical Corner ===================================

Startpoint: mplier[22] (input port clocked by clk)
Endpoint: product[58] (output port clocked by clk)
Path Group: clk
Path Type: max
Corner: Typical

Fanout     Cap    Slew   Delay    Time   Description
-----------------------------------------------------------------------------
                  0.00    0.00    0.00   clock clk (rise edge)
                          0.00    0.00   clock network delay (ideal)
                          4.00    4.00 ^ input external delay
                  0.05    0.03    4.03 ^ mplier[22] (in)
     1    0.01                           mplier[22] (net)
                  0.05    0.00    4.03 ^ input47/A (sky130_fd_sc_hd__buf_8)
                  0.24    0.21    4.24 ^ input47/X (sky130_fd_sc_hd__buf_8)
     6    0.15                           net47 (net)
                  0.28    0.07    4.31 ^ _07614_/A (sky130_fd_sc_hd__buf_4)
                  0.20    0.31    4.62 ^ _07614_/X (sky130_fd_sc_hd__buf_4)
    10    0.07                           _01109_ (net)
                  0.21    0.01    4.63 ^ _09174_/A (sky130_fd_sc_hd__buf_4)
                  0.27    0.34    4.97 ^ _09174_/X (sky130_fd_sc_hd__buf_4)
    10    0.10                           _02812_ (net)
                  0.27    0.00    4.97 ^ _09175_/A (sky130_fd_sc_hd__buf_6)
                  0.17    0.26    5.24 ^ _09175_/X (sky130_fd_sc_hd__buf_6)
    10    0.09                           _02813_ (net)
                  0.17    0.00    5.24 ^ _09356_/B (sky130_fd_sc_hd__nand2_1)
                  0.08    0.12    5.36 v _09356_/Y (sky130_fd_sc_hd__nand2_1)
     1    0.01                           _03010_ (net)
                  0.08    0.00    5.36 v _09357_/B (sky130_fd_sc_hd__xor2_2)
                  0.38    0.35    5.71 ^ _09357_/X (sky130_fd_sc_hd__xor2_2)
     2    0.03                           _03011_ (net)
                  0.38    0.00    5.71 ^ _09365_/A (sky130_fd_sc_hd__nand3_2)
                  0.16    0.20    5.91 v _09365_/Y (sky130_fd_sc_hd__nand3_2)
     4    0.02                           _03020_ (net)
                  0.16    0.00    5.91 v _09367_/B (sky130_fd_sc_hd__and3_4)
                  0.06    0.27    6.19 v _09367_/X (sky130_fd_sc_hd__and3_4)
     4    0.03                           _03022_ (net)
                  0.06    0.00    6.19 v _09370_/A1 (sky130_fd_sc_hd__o211a_1)
                  0.07    0.28    6.47 v _09370_/X (sky130_fd_sc_hd__o211a_1)
     3    0.01                           _03025_ (net)
                  0.07    0.00    6.47 v _09501_/B (sky130_fd_sc_hd__or4_4)
                  0.09    0.56    7.02 v _09501_/X (sky130_fd_sc_hd__or4_4)
     2    0.01                           _03169_ (net)
                  0.09    0.00    7.02 v _09537_/A2 (sky130_fd_sc_hd__a211o_4)
                  0.10    0.43    7.46 v _09537_/X (sky130_fd_sc_hd__a211o_4)
     5    0.04                           _03208_ (net)
                  0.10    0.00    7.46 v _09605_/C (sky130_fd_sc_hd__nand4_4)
                  0.10    0.14    7.60 ^ _09605_/Y (sky130_fd_sc_hd__nand4_4)
     2    0.02                           _03282_ (net)
                  0.10    0.00    7.60 ^ _09680_/A2 (sky130_fd_sc_hd__a211o_4)
                  0.10    0.20    7.80 ^ _09680_/X (sky130_fd_sc_hd__a211o_4)
     5    0.03                           _03364_ (net)
                  0.10    0.00    7.80 ^ _09703_/C_N (sky130_fd_sc_hd__or4bb_4)
                  0.10    0.59    8.39 v _09703_/X (sky130_fd_sc_hd__or4bb_4)
     2    0.01                           _03389_ (net)
                  0.10    0.00    8.39 v _09819_/A2 (sky130_fd_sc_hd__a211oi_4)
                  0.26    0.34    8.73 ^ _09819_/Y (sky130_fd_sc_hd__a211oi_4)
     3    0.02                           _03516_ (net)
                  0.26    0.00    8.73 ^ _09822_/A1 (sky130_fd_sc_hd__o21a_1)
                  0.12    0.24    8.97 ^ _09822_/X (sky130_fd_sc_hd__o21a_1)
     2    0.01                           _03520_ (net)
                  0.12    0.00    8.97 ^ _09824_/A2 (sky130_fd_sc_hd__o211ai_2)
                  0.08    0.10    9.07 v _09824_/Y (sky130_fd_sc_hd__o211ai_2)
     2    0.01                           _03522_ (net)
                  0.08    0.00    9.07 v _09825_/A_N (sky130_fd_sc_hd__and2b_1)
                  0.17    0.31    9.38 ^ _09825_/X (sky130_fd_sc_hd__and2b_1)
     1    0.02                           _03523_ (net)
                  0.17    0.00    9.38 ^ _09826_/B (sky130_fd_sc_hd__xor2_4)
                  0.37    0.37    9.75 ^ _09826_/X (sky130_fd_sc_hd__xor2_4)
     1    0.05                           _03524_ (net)
                  0.37    0.01    9.75 ^ wire169/A (sky130_fd_sc_hd__buf_8)
                  0.14    0.23    9.99 ^ wire169/X (sky130_fd_sc_hd__buf_8)
     3    0.08                           net169 (net)
                  0.14    0.02   10.01 ^ _09829_/A (sky130_fd_sc_hd__xnor2_4)
                  0.10    0.14   10.15 v _09829_/Y (sky130_fd_sc_hd__xnor2_4)
     3    0.03                           _03527_ (net)
                  0.10    0.00   10.15 v _09954_/D (sky130_fd_sc_hd__or4_4)
                  0.11    0.50   10.65 v _09954_/X (sky130_fd_sc_hd__or4_4)
     3    0.02                           _03664_ (net)
                  0.11    0.00   10.65 v _09956_/B1 (sky130_fd_sc_hd__a21o_1)
                  0.06    0.21   10.86 v _09956_/X (sky130_fd_sc_hd__a21o_1)
     1    0.01                           _03666_ (net)
                  0.06    0.00   10.86 v _09960_/B1 (sky130_fd_sc_hd__o311ai_4)
                  0.39    0.14   10.99 ^ _09960_/Y (sky130_fd_sc_hd__o311ai_4)
     2    0.03                           _03670_ (net)
                  0.39    0.00   11.00 ^ wire164/A (sky130_fd_sc_hd__buf_6)
                  0.11    0.23   11.22 ^ wire164/X (sky130_fd_sc_hd__buf_6)
     1    0.05                           net164 (net)
                  0.11    0.01   11.23 ^ wire163/A (sky130_fd_sc_hd__buf_6)
                  0.08    0.15   11.38 ^ wire163/X (sky130_fd_sc_hd__buf_6)
     1    0.04                           net163 (net)
                  0.08    0.01   11.39 ^ _10767_/B2 (sky130_fd_sc_hd__a221oi_4)
                  0.14    0.11   11.50 v _10767_/Y (sky130_fd_sc_hd__a221oi_4)
     1    0.03                           _04549_ (net)
                  0.14    0.00   11.50 v wire160/A (sky130_fd_sc_hd__buf_6)
                  0.05    0.19   11.69 v wire160/X (sky130_fd_sc_hd__buf_6)
     1    0.04                           net160 (net)
                  0.05    0.01   11.70 v wire159/A (sky130_fd_sc_hd__buf_8)
                  0.04    0.14   11.84 v wire159/X (sky130_fd_sc_hd__buf_8)
     3    0.03                           net159 (net)
                  0.04    0.00   11.85 v _11278_/A2 (sky130_fd_sc_hd__a2111o_1)
                  0.10    0.48   12.33 v _11278_/X (sky130_fd_sc_hd__a2111o_1)
     3    0.01                           _05103_ (net)
                  0.10    0.00   12.33 v _11282_/A (sky130_fd_sc_hd__and2_4)
                  0.05    0.19   12.52 v _11282_/X (sky130_fd_sc_hd__and2_4)
     2    0.02                           _05108_ (net)
                  0.05    0.00   12.52 v _11360_/A1 (sky130_fd_sc_hd__o21a_2)
                  0.07    0.26   12.78 v _11360_/X (sky130_fd_sc_hd__o21a_2)
     2    0.02                           _05191_ (net)
                  0.07    0.00   12.78 v _11361_/B (sky130_fd_sc_hd__xor2_4)
                  0.46    0.42   13.21 ^ _11361_/X (sky130_fd_sc_hd__xor2_4)
     1    0.06                           net118 (net)
                  0.46    0.02   13.22 ^ wire131/A (sky130_fd_sc_hd__buf_8)
                  0.13    0.24   13.46 ^ wire131/X (sky130_fd_sc_hd__buf_8)
     1    0.08                           net131 (net)
                  0.14    0.02   13.48 ^ wire130/A (sky130_fd_sc_hd__buf_8)
                  0.11    0.18   13.66 ^ wire130/X (sky130_fd_sc_hd__buf_8)
     2    0.07                           net130 (net)
                  0.12    0.02   13.68 ^ output118/A (sky130_fd_sc_hd__buf_4)
                  0.10    0.19   13.87 ^ output118/X (sky130_fd_sc_hd__buf_4)
     1    0.03                           product[58] (net)
                  0.10    0.00   13.87 ^ product[58] (out)
                                 13.87   data arrival time

                  0.00   20.00   20.00   clock clk (rise edge)
                          0.00   20.00   clock network delay (ideal)
                         -0.25   19.75   clock uncertainty
                          0.00   19.75   clock reconvergence pessimism
                         -4.00   15.75   output external delay
                                 15.75   data required time
-----------------------------------------------------------------------------
                                 15.75   data required time
                                -13.87   data arrival time
-----------------------------------------------------------------------------
                                  1.88   slack (MET)




===========================================================================
report_checks --slack_max -0.01
============================================================================
======================= Fastest Corner ===================================

No paths found.

======================= Slowest Corner ===================================

Startpoint: mplier[13] (input port clocked by clk)
Endpoint: product[58] (output port clocked by clk)
Path Group: clk
Path Type: max
Corner: Slowest

Fanout     Cap    Slew   Delay    Time   Description
-----------------------------------------------------------------------------
                  0.00    0.00    0.00   clock clk (rise edge)
                          0.00    0.00   clock network delay (ideal)
                          4.00    4.00 ^ input external delay
                  0.07    0.04    4.04 ^ mplier[13] (in)
     1    0.01                           mplier[13] (net)
                  0.07    0.00    4.04 ^ input37/A (sky130_fd_sc_hd__buf_8)
                  0.44    0.41    4.45 ^ input37/X (sky130_fd_sc_hd__buf_8)
    12    0.18                           net37 (net)
                  0.47    0.09    4.55 ^ _06291_/A (sky130_fd_sc_hd__clkbuf_8)
                  0.25    0.57    5.11 ^ _06291_/X (sky130_fd_sc_hd__clkbuf_8)
    10    0.09                           _05423_ (net)
                  0.25    0.01    5.12 ^ _06760_/A (sky130_fd_sc_hd__buf_4)
                  0.40    0.55    5.68 ^ _06760_/X (sky130_fd_sc_hd__buf_4)
    10    0.09                           _00187_ (net)
                  0.40    0.00    5.68 ^ _07717_/A (sky130_fd_sc_hd__buf_6)
                  0.37    0.54    6.22 ^ _07717_/X (sky130_fd_sc_hd__buf_6)
    10    0.12                           _01221_ (net)
                  0.37    0.02    6.24 ^ _09443_/A1 (sky130_fd_sc_hd__a32o_1)
                  0.26    0.60    6.83 ^ _09443_/X (sky130_fd_sc_hd__a32o_1)
     2    0.01                           _03105_ (net)
                  0.26    0.00    6.83 ^ _09448_/A (sky130_fd_sc_hd__nand3_4)
                  0.38    0.42    7.26 v _09448_/Y (sky130_fd_sc_hd__nand3_4)
     5    0.05                           _03110_ (net)
                  0.38    0.00    7.26 v _09451_/A1 (sky130_fd_sc_hd__a21o_1)
                  0.14    0.52    7.77 v _09451_/X (sky130_fd_sc_hd__a21o_1)
     2    0.01                           _03114_ (net)
                  0.14    0.00    7.77 v _09452_/C (sky130_fd_sc_hd__and3_4)
                  0.14    0.47    8.25 v _09452_/X (sky130_fd_sc_hd__and3_4)
     5    0.05                           _03115_ (net)
                  0.14    0.00    8.25 v _09454_/B1 (sky130_fd_sc_hd__a211o_1)
                  0.18    0.68    8.92 v _09454_/X (sky130_fd_sc_hd__a211o_1)
     2    0.01                           _03117_ (net)
                  0.18    0.00    8.92 v _09457_/A1 (sky130_fd_sc_hd__a211oi_4)
                  1.00    1.02    9.95 ^ _09457_/Y (sky130_fd_sc_hd__a211oi_4)
     3    0.05                           _03120_ (net)
                  1.00    0.01    9.96 ^ _09458_/C (sky130_fd_sc_hd__nor3_1)
                  0.24    0.42   10.38 v _09458_/Y (sky130_fd_sc_hd__nor3_1)
     2    0.01                           _03121_ (net)
                  0.24    0.00   10.38 v _09461_/A1 (sky130_fd_sc_hd__o211a_1)
                  0.16    0.59   10.97 v _09461_/X (sky130_fd_sc_hd__o211a_1)
     2    0.01                           _03125_ (net)
                  0.16    0.00   10.97 v _09463_/A2 (sky130_fd_sc_hd__o211ai_2)
                  0.27    0.34   11.31 ^ _09463_/Y (sky130_fd_sc_hd__o211ai_2)
     2    0.01                           _03127_ (net)
                  0.27    0.00   11.31 ^ _09464_/B_N (sky130_fd_sc_hd__or2b_2)
                  0.18    0.88   12.19 v _09464_/X (sky130_fd_sc_hd__or2b_2)
     1    0.02                           _03128_ (net)
                  0.18    0.00   12.19 v _09544_/A (sky130_fd_sc_hd__xnor2_4)
                  0.55    0.61   12.80 ^ _09544_/Y (sky130_fd_sc_hd__xnor2_4)
     1    0.04                           _03216_ (net)
                  0.55    0.00   12.80 ^ wire175/A (sky130_fd_sc_hd__buf_4)
                  0.32    0.62   13.42 ^ wire175/X (sky130_fd_sc_hd__buf_4)
     2    0.07                           net175 (net)
                  0.33    0.02   13.44 ^ _09547_/A (sky130_fd_sc_hd__xnor2_4)
                  0.38    0.38   13.81 ^ _09547_/Y (sky130_fd_sc_hd__xnor2_4)
     2    0.03                           _03219_ (net)
                  0.38    0.00   13.81 ^ _09548_/B (sky130_fd_sc_hd__xnor2_4)
                  0.33    0.37   14.18 ^ _09548_/Y (sky130_fd_sc_hd__xnor2_4)
     2    0.02                           _03220_ (net)
                  0.33    0.00   14.18 ^ _09551_/A (sky130_fd_sc_hd__xor2_4)
                  0.37    0.50   14.68 ^ _09551_/X (sky130_fd_sc_hd__xor2_4)
     2    0.03                           _03224_ (net)
                  0.37    0.00   14.68 ^ _09552_/B (sky130_fd_sc_hd__xnor2_4)
                  0.38    0.38   15.07 ^ _09552_/Y (sky130_fd_sc_hd__xnor2_4)
     3    0.03                           _03225_ (net)
                  0.38    0.00   15.07 ^ _09553_/B (sky130_fd_sc_hd__xnor2_4)
                  0.18    0.29   15.36 v _09553_/Y (sky130_fd_sc_hd__xnor2_4)
     3    0.03                           _03226_ (net)
                  0.18    0.00   15.36 v _09954_/B (sky130_fd_sc_hd__or4_4)
                  0.20    1.19   16.55 v _09954_/X (sky130_fd_sc_hd__or4_4)
     3    0.02                           _03664_ (net)
                  0.20    0.00   16.55 v _09956_/B1 (sky130_fd_sc_hd__a21o_1)
                  0.11    0.40   16.95 v _09956_/X (sky130_fd_sc_hd__a21o_1)
     1    0.01                           _03666_ (net)
                  0.11    0.00   16.95 v _09960_/B1 (sky130_fd_sc_hd__o311ai_4)
                  0.61    0.22   17.17 ^ _09960_/Y (sky130_fd_sc_hd__o311ai_4)
     2    0.03                           _03670_ (net)
                  0.61    0.00   17.17 ^ wire164/A (sky130_fd_sc_hd__buf_6)
                  0.17    0.48   17.66 ^ wire164/X (sky130_fd_sc_hd__buf_6)
     1    0.05                           net164 (net)
                  0.17    0.01   17.66 ^ wire163/A (sky130_fd_sc_hd__buf_6)
                  0.13    0.28   17.95 ^ wire163/X (sky130_fd_sc_hd__buf_6)
     1    0.04                           net163 (net)
                  0.13    0.01   17.95 ^ _10767_/B2 (sky130_fd_sc_hd__a221oi_4)
                  0.23    0.22   18.17 v _10767_/Y (sky130_fd_sc_hd__a221oi_4)
     1    0.03                           _04549_ (net)
                  0.23    0.00   18.18 v wire160/A (sky130_fd_sc_hd__buf_6)
                  0.09    0.35   18.53 v wire160/X (sky130_fd_sc_hd__buf_6)
     1    0.04                           net160 (net)
                  0.09    0.01   18.53 v wire159/A (sky130_fd_sc_hd__buf_8)
                  0.06    0.26   18.79 v wire159/X (sky130_fd_sc_hd__buf_8)
     3    0.03                           net159 (net)
                  0.06    0.00   18.79 v _11278_/A2 (sky130_fd_sc_hd__a2111o_1)
                  0.20    0.93   19.72 v _11278_/X (sky130_fd_sc_hd__a2111o_1)
     3    0.01                           _05103_ (net)
                  0.20    0.00   19.72 v _11282_/A (sky130_fd_sc_hd__and2_4)
                  0.09    0.37   20.09 v _11282_/X (sky130_fd_sc_hd__and2_4)
     2    0.02                           _05108_ (net)
                  0.09    0.00   20.09 v _11360_/A1 (sky130_fd_sc_hd__o21a_2)
                  0.13    0.50   20.59 v _11360_/X (sky130_fd_sc_hd__o21a_2)
     2    0.02                           _05191_ (net)
                  0.13    0.00   20.59 v _11361_/B (sky130_fd_sc_hd__xor2_4)
                  0.71    0.69   21.28 ^ _11361_/X (sky130_fd_sc_hd__xor2_4)
     1    0.06                           net118 (net)
                  0.71    0.02   21.29 ^ wire131/A (sky130_fd_sc_hd__buf_8)
                  0.20    0.51   21.81 ^ wire131/X (sky130_fd_sc_hd__buf_8)
     1    0.08                           net131 (net)
                  0.21    0.02   21.83 ^ wire130/A (sky130_fd_sc_hd__buf_8)
                  0.18    0.33   22.16 ^ wire130/X (sky130_fd_sc_hd__buf_8)
     2    0.07                           net130 (net)
                  0.18    0.02   22.18 ^ output118/A (sky130_fd_sc_hd__buf_4)
                  0.16    0.35   22.53 ^ output118/X (sky130_fd_sc_hd__buf_4)
     1    0.03                           product[58] (net)
                  0.16    0.00   22.53 ^ product[58] (out)
                                 22.53   data arrival time

                  0.00   20.00   20.00   clock clk (rise edge)
                          0.00   20.00   clock network delay (ideal)
                         -0.25   19.75   clock uncertainty
                          0.00   19.75   clock reconvergence pessimism
                         -4.00   15.75   output external delay
                                 15.75   data required time
-----------------------------------------------------------------------------
                                 15.75   data required time
                                -22.53   data arrival time
-----------------------------------------------------------------------------
                                 -6.78   slack (VIOLATED)



======================= Typical Corner ===================================

No paths found.


===========================================================================
 report_check_types -max_slew -max_cap -max_fanout -violators
============================================================================
======================= Fastest Corner ===================================

max fanout

Pin                                   Limit Fanout  Slack
---------------------------------------------------------
input13/X                                10     20    -10 (VIOLATED)
_05712_/X                                10     13     -3 (VIOLATED)
_06088_/X                                10     13     -3 (VIOLATED)
_06336_/X                                10     12     -2 (VIOLATED)
_07161_/X                                10     12     -2 (VIOLATED)
_07841_/X                                10     12     -2 (VIOLATED)
_08292_/X                                10     12     -2 (VIOLATED)
_08412_/X                                10     12     -2 (VIOLATED)
_08746_/X                                10     12     -2 (VIOLATED)
input37/X                                10     12     -2 (VIOLATED)
_05705_/X                                10     11        (VIOLATED)
_05731_/X                                10     11        (VIOLATED)
_05734_/X                                10     11        (VIOLATED)
_05769_/X                                10     11        (VIOLATED)
_05861_/X                                10     11        (VIOLATED)
_05955_/X                                10     11        (VIOLATED)
_06019_/X                                10     11        (VIOLATED)
_06132_/X                                10     11        (VIOLATED)
_06174_/X                                10     11        (VIOLATED)
_06177_/X                                10     11        (VIOLATED)
_06178_/X                                10     11        (VIOLATED)
_06256_/X                                10     11        (VIOLATED)
_06284_/X                                10     11        (VIOLATED)
_06444_/X                                10     11        (VIOLATED)
_06455_/X                                10     11        (VIOLATED)
_06659_/X                                10     11        (VIOLATED)
_06725_/X                                10     11        (VIOLATED)
_06811_/X                                10     11        (VIOLATED)
_06958_/X                                10     11        (VIOLATED)
_07053_/X                                10     11        (VIOLATED)
_07110_/X                                10     11        (VIOLATED)
_07227_/X                                10     11        (VIOLATED)
_07229_/X                                10     11        (VIOLATED)
_08082_/X                                10     11        (VIOLATED)
_08212_/X                                10     11        (VIOLATED)
_08245_/X                                10     11        (VIOLATED)
_08410_/X                                10     11        (VIOLATED)
_08527_/X                                10     11        (VIOLATED)
_08580_/X                                10     11        (VIOLATED)
_08640_/X                                10     11        (VIOLATED)
_09352_/X                                10     11        (VIOLATED)
_09371_/X                                10     11        (VIOLATED)
_09510_/X                                10     11        (VIOLATED)
_09743_/X                                10     11        (VIOLATED)
_10086_/X                                10     11        (VIOLATED)
_10301_/X                                10     11        (VIOLATED)
input1/X                                 10     11        (VIOLATED)
input22/X                                10     11        (VIOLATED)
input31/X                                10     11        (VIOLATED)
input35/X                                10     11        (VIOLATED)


======================= Slowest Corner ===================================

max slew

Pin                                    Limit    Slew   Slack
------------------------------------------------------------
_09458_/C                               0.75    1.00   -0.25 (VIOLATED)
_09459_/A2                              0.75    1.00   -0.25 (VIOLATED)
_09563_/C                               0.75    1.00   -0.25 (VIOLATED)
_09457_/Y                               0.75    1.00   -0.25 (VIOLATED)
_09458_/A                               0.75    0.96   -0.21 (VIOLATED)
_09459_/B1                              0.75    0.96   -0.21 (VIOLATED)
_09563_/A                               0.75    0.96   -0.21 (VIOLATED)
_09439_/X                               0.75    0.96   -0.21 (VIOLATED)
output119/A                             0.75    0.93   -0.18 (VIOLATED)
_11390_/X                               0.75    0.93   -0.18 (VIOLATED)
output82/A                              0.75    0.92   -0.17 (VIOLATED)
_07675_/Y                               0.75    0.92   -0.17 (VIOLATED)
wire168/A                               0.75    0.91   -0.16 (VIOLATED)
_06323_/X                               0.75    0.91   -0.16 (VIOLATED)
output127/A                             0.75    0.90   -0.15 (VIOLATED)
_08938_/A                               0.75    0.90   -0.15 (VIOLATED)
_09095_/A                               0.75    0.90   -0.15 (VIOLATED)
_08935_/Y                               0.75    0.90   -0.15 (VIOLATED)
_05945_/Y                               0.75    0.89   -0.14 (VIOLATED)
output88/A                              0.75    0.85   -0.10 (VIOLATED)
_08455_/X                               0.75    0.85   -0.10 (VIOLATED)
_06805_/A2                              0.75    0.82   -0.07 (VIOLATED)
_06729_/B                               0.75    0.82   -0.07 (VIOLATED)
_06623_/A                               0.75    0.82   -0.07 (VIOLATED)
_06620_/Y                               0.75    0.82   -0.07 (VIOLATED)
wire158/A                               0.75    0.82   -0.07 (VIOLATED)
_07032_/Y                               0.75    0.82   -0.07 (VIOLATED)
_09599_/A                               0.75    0.82   -0.07 (VIOLATED)
rebuffer61/A                            0.75    0.82   -0.07 (VIOLATED)
_09774_/A                               0.75    0.82   -0.07 (VIOLATED)
_09580_/X                               0.75    0.82   -0.07 (VIOLATED)
_09093_/B                               0.75    0.81   -0.06 (VIOLATED)
_09254_/B                               0.75    0.81   -0.06 (VIOLATED)
_09092_/Y                               0.75    0.81   -0.06 (VIOLATED)
_07447_/A                               0.75    0.81   -0.06 (VIOLATED)
_07549_/A                               0.75    0.81   -0.06 (VIOLATED)
_07445_/Y                               0.75    0.81   -0.06 (VIOLATED)
output115/A                             0.75    0.80   -0.05 (VIOLATED)
_11240_/Y                               0.75    0.80   -0.05 (VIOLATED)
_06683_/Y                               0.75    0.80   -0.05 (VIOLATED)
_06685_/B1                              0.75    0.80   -0.05 (VIOLATED)
_06686_/A1                              0.75    0.80   -0.05 (VIOLATED)
max_cap201/A                            0.75    0.80   -0.05 (VIOLATED)
_08790_/A                               0.75    0.77   -0.02 (VIOLATED)
_08791_/C                               0.75    0.77   -0.02 (VIOLATED)
_08795_/A2                              0.75    0.77   -0.02 (VIOLATED)
_08789_/Y                               0.75    0.77   -0.02 (VIOLATED)
_08041_/Y                               0.75    0.77   -0.02 (VIOLATED)
_08108_/C1                              0.75    0.77   -0.02 (VIOLATED)
max_cap209/A                            0.75    0.77   -0.02 (VIOLATED)
_08127_/A                               0.75    0.77   -0.02 (VIOLATED)
_08126_/B                               0.75    0.77   -0.02 (VIOLATED)
_08113_/A                               0.75    0.77   -0.02 (VIOLATED)
_08114_/A1                              0.75    0.77   -0.02 (VIOLATED)
_08001_/Y                               0.75    0.77   -0.02 (VIOLATED)
output94/A                              0.75    0.76   -0.01 (VIOLATED)
_09417_/X                               0.75    0.76   -0.01 (VIOLATED)
_07074_/Y                               0.75    0.76   -0.01 (VIOLATED)
_07135_/A2                              0.75    0.76   -0.01 (VIOLATED)
_07136_/C1                              0.75    0.76   -0.01 (VIOLATED)
_08329_/C                               0.75    0.75   -0.00 (VIOLATED)
_08330_/A2                              0.75    0.75   -0.00 (VIOLATED)
_08328_/Y                               0.75    0.75   -0.00 (VIOLATED)
_07154_/B                               0.75    0.75   -0.00 (VIOLATED)
_07272_/B1_N                            0.75    0.75   -0.00 (VIOLATED)

max fanout

Pin                                   Limit Fanout  Slack
---------------------------------------------------------
input13/X                                10     20    -10 (VIOLATED)
_05712_/X                                10     13     -3 (VIOLATED)
_06088_/X                                10     13     -3 (VIOLATED)
_06336_/X                                10     12     -2 (VIOLATED)
_07161_/X                                10     12     -2 (VIOLATED)
_07841_/X                                10     12     -2 (VIOLATED)
_08292_/X                                10     12     -2 (VIOLATED)
_08412_/X                                10     12     -2 (VIOLATED)
_08746_/X                                10     12     -2 (VIOLATED)
input37/X                                10     12     -2 (VIOLATED)
_05705_/X                                10     11        (VIOLATED)
_05731_/X                                10     11        (VIOLATED)
_05734_/X                                10     11        (VIOLATED)
_05769_/X                                10     11        (VIOLATED)
_05861_/X                                10     11        (VIOLATED)
_05955_/X                                10     11        (VIOLATED)
_06019_/X                                10     11        (VIOLATED)
_06132_/X                                10     11        (VIOLATED)
_06174_/X                                10     11        (VIOLATED)
_06177_/X                                10     11        (VIOLATED)
_06178_/X                                10     11        (VIOLATED)
_06256_/X                                10     11        (VIOLATED)
_06284_/X                                10     11        (VIOLATED)
_06444_/X                                10     11        (VIOLATED)
_06455_/X                                10     11        (VIOLATED)
_06659_/X                                10     11        (VIOLATED)
_06725_/X                                10     11        (VIOLATED)
_06811_/X                                10     11        (VIOLATED)
_06958_/X                                10     11        (VIOLATED)
_07053_/X                                10     11        (VIOLATED)
_07110_/X                                10     11        (VIOLATED)
_07227_/X                                10     11        (VIOLATED)
_07229_/X                                10     11        (VIOLATED)
_08082_/X                                10     11        (VIOLATED)
_08212_/X                                10     11        (VIOLATED)
_08245_/X                                10     11        (VIOLATED)
_08410_/X                                10     11        (VIOLATED)
_08527_/X                                10     11        (VIOLATED)
_08580_/X                                10     11        (VIOLATED)
_08640_/X                                10     11        (VIOLATED)
_09352_/X                                10     11        (VIOLATED)
_09371_/X                                10     11        (VIOLATED)
_09510_/X                                10     11        (VIOLATED)
_09743_/X                                10     11        (VIOLATED)
_10086_/X                                10     11        (VIOLATED)
_10301_/X                                10     11        (VIOLATED)
input1/X                                 10     11        (VIOLATED)
input22/X                                10     11        (VIOLATED)
input31/X                                10     11        (VIOLATED)
input35/X                                10     11        (VIOLATED)


======================= Typical Corner ===================================

max fanout

Pin                                   Limit Fanout  Slack
---------------------------------------------------------
input13/X                                10     20    -10 (VIOLATED)
_05712_/X                                10     13     -3 (VIOLATED)
_06088_/X                                10     13     -3 (VIOLATED)
_06336_/X                                10     12     -2 (VIOLATED)
_07161_/X                                10     12     -2 (VIOLATED)
_07841_/X                                10     12     -2 (VIOLATED)
_08292_/X                                10     12     -2 (VIOLATED)
_08412_/X                                10     12     -2 (VIOLATED)
_08746_/X                                10     12     -2 (VIOLATED)
input37/X                                10     12     -2 (VIOLATED)
_05705_/X                                10     11        (VIOLATED)
_05731_/X                                10     11        (VIOLATED)
_05734_/X                                10     11        (VIOLATED)
_05769_/X                                10     11        (VIOLATED)
_05861_/X                                10     11        (VIOLATED)
_05955_/X                                10     11        (VIOLATED)
_06019_/X                                10     11        (VIOLATED)
_06132_/X                                10     11        (VIOLATED)
_06174_/X                                10     11        (VIOLATED)
_06177_/X                                10     11        (VIOLATED)
_06178_/X                                10     11        (VIOLATED)
_06256_/X                                10     11        (VIOLATED)
_06284_/X                                10     11        (VIOLATED)
_06444_/X                                10     11        (VIOLATED)
_06455_/X                                10     11        (VIOLATED)
_06659_/X                                10     11        (VIOLATED)
_06725_/X                                10     11        (VIOLATED)
_06811_/X                                10     11        (VIOLATED)
_06958_/X                                10     11        (VIOLATED)
_07053_/X                                10     11        (VIOLATED)
_07110_/X                                10     11        (VIOLATED)
_07227_/X                                10     11        (VIOLATED)
_07229_/X                                10     11        (VIOLATED)
_08082_/X                                10     11        (VIOLATED)
_08212_/X                                10     11        (VIOLATED)
_08245_/X                                10     11        (VIOLATED)
_08410_/X                                10     11        (VIOLATED)
_08527_/X                                10     11        (VIOLATED)
_08580_/X                                10     11        (VIOLATED)
_08640_/X                                10     11        (VIOLATED)
_09352_/X                                10     11        (VIOLATED)
_09371_/X                                10     11        (VIOLATED)
_09510_/X                                10     11        (VIOLATED)
_09743_/X                                10     11        (VIOLATED)
_10086_/X                                10     11        (VIOLATED)
_10301_/X                                10     11        (VIOLATED)
input1/X                                 10     11        (VIOLATED)
input22/X                                10     11        (VIOLATED)
input31/X                                10     11        (VIOLATED)
input35/X                                10     11        (VIOLATED)



===========================================================================
report_parasitic_annotation -report_unannotated
============================================================================
Found 0 unannotated drivers.
Found 0 partially unannotated drivers.

===========================================================================
max slew violation count 65
max fanout violation count 50
max cap violation count 0
============================================================================

===========================================================================
check_setup -verbose -unconstrained_endpoints -multiple_clock -no_clock -no_input_delay -loops -generated_clocks
===========================================================================
