Partial/Required:  1.78, Required:    400.0, Partial:   712.22, Net: net91, Pin: hold26/A, Layer: met1
Partial/Required:  1.76, Required:    400.0, Partial:    706.0, Net: net13, Pin: _644_/B, Layer: met1
Partial/Required:  1.66, Required:    400.0, Partial:   662.47, Net: net76, Pin: output76/A, Layer: met1
Partial/Required:  1.53, Required:    400.0, Partial:    611.2, Net: net96, Pin: output96/A, Layer: met1
Partial/Required:  1.20, Required:    400.0, Partial:   481.19, Net: net80, Pin: output80/A, Layer: met1
Partial/Required:  1.19, Required:    400.0, Partial:    474.5, Net: net116, Pin: output116/A, Layer: met1
Partial/Required:  1.16, Required:    400.0, Partial:   464.28, Net: net28, Pin: _500_/B, Layer: met1
Partial/Required:  1.12, Required:    400.0, Partial:   446.42, Net: net84, Pin: output84/A, Layer: met1
Partial/Required:  1.05, Required:    400.0, Partial:   418.75, Net: net129, Pin: output129/A, Layer: met1
Partial/Required:  1.02, Required:    400.0, Partial:   409.03, Net: net50, Pin: _830_/A1, Layer: met1
Partial/Required:  1.01, Required:    400.0, Partial:   405.52, Net: net45, Pin: _820_/A1, Layer: met1
Partial/Required:  1.01, Required:    400.0, Partial:   405.22, Net: net122, Pin: hold22/A, Layer: met1
